src/components/finance/CashBankLedger.tsx(1,8): error TS6133: 'React' is declared but its value is never read.
src/components/finance/CashBankLedger.tsx(88,59): error TS7006: Parameter 'e' implicitly has an 'any' type.
src/components/finance/CashBankLedger.tsx(92,57): error TS7006: Parameter 'e' implicitly has an 'any' type.
src/components/finance/CashBankLedger.tsx(96,72): error TS7006: Parameter 'e' implicitly has an 'any' type.
src/components/FinanceLayout.tsx(11,3): error TS6133: 'History' is declared but its value is never read.
src/hooks/useFinance.ts(7,3): error TS6196: 'CashTransaction' is declared but never used.
src/hooks/useFinance.ts(13,3): error TS6196: 'PaymentAllocation' is declared but never used.
src/hooks/useFinance.ts(96,24): error TS2339: Property 'getARAgingReport' does not exist on type '{ getCustomerInvoices(): CustomerInvoice[]; createCustomerInvoice(data: Omit<CustomerInvoice, "id" | "created_at" | "status" | "created_by" | "journal_entry_id" | "invoice_number" | "paid_amount" | "outstanding_amount" | "dp_applied">, createdBy: string): any; ... 19 more ...; reverseSupplierRefund(refundId: string,...'.
src/hooks/useFinance.ts(96,55): error TS2339: Property 'getARAgingReport' does not exist on type '{ getCustomerInvoices(): CustomerInvoice[]; createCustomerInvoice(data: Omit<CustomerInvoice, "id" | "created_at" | "status" | "created_by" | "journal_entry_id" | "invoice_number" | "paid_amount" | "outstanding_amount" | "dp_applied">, createdBy: string): any; ... 19 more ...; reverseSupplierRefund(refundId: string,...'.
src/hooks/useFinance.ts(104,24): error TS2339: Property 'getAPAgingReport' does not exist on type '{ getCustomerInvoices(): CustomerInvoice[]; createCustomerInvoice(data: Omit<CustomerInvoice, "id" | "created_at" | "status" | "created_by" | "journal_entry_id" | "invoice_number" | "paid_amount" | "outstanding_amount" | "dp_applied">, createdBy: string): any; ... 19 more ...; reverseSupplierRefund(refundId: string,...'.
src/hooks/useFinance.ts(104,55): error TS2339: Property 'getAPAgingReport' does not exist on type '{ getCustomerInvoices(): CustomerInvoice[]; createCustomerInvoice(data: Omit<CustomerInvoice, "id" | "created_at" | "status" | "created_by" | "journal_entry_id" | "invoice_number" | "paid_amount" | "outstanding_amount" | "dp_applied">, createdBy: string): any; ... 19 more ...; reverseSupplierRefund(refundId: string,...'.
src/pages/AccountingMapping.tsx(1,8): error TS6133: 'React' is declared but its value is never read.
src/pages/AccountingMapping.tsx(5,24): error TS6196: 'AccountingMapping' is declared but never used.
src/pages/AccountingMapping.tsx(23,50): error TS2551: Property 'getAllMappings' does not exist on type '{ getMapping(mappingType: string, sourceId?: string | undefined): string | null; setMapping(mapping: Omit<AccountingMapping, "id">): void; resetDefaultMappings(): void; seedDefaultMappings(): void; }'. Did you mean 'getMapping'?
src/pages/AccountingMapping.tsx(25,25): error TS7006: Parameter 'm' implicitly has an 'any' type.
src/pages/AccountingMapping.tsx(42,65): error TS2554: Expected 1 arguments, but got 3.
src/pages/APAging.tsx(1,8): error TS6133: 'React' is declared but its value is never read.
src/pages/ARAging.tsx(1,8): error TS6133: 'React' is declared but its value is never read.
src/pages/CashBankList.tsx(1,8): error TS6133: 'React' is declared but its value is never read.
src/pages/CashBankList.tsx(14,9): error TS6133: 'cashTx' is declared but its value is never read.
src/pages/CashBankList.tsx(120,11): error TS2339: Property 'balance' does not exist on type 'CashBankAccount'.
src/pages/CashBankList.tsx(196,30): error TS2339: Property 'balance' does not exist on type 'CashBankAccount'.
src/pages/CashBankTransactions.tsx(1,8): error TS6133: 'React' is declared but its value is never read.
src/pages/CashBankTransactions.tsx(3,32): error TS6196: 'CashBankAccount' is declared but never used.
src/pages/CashBankTransactions.tsx(15,20): error TS6133: 'setProjects' is declared but its value is never read.
src/pages/CashBankTransactions.tsx(44,13): error TS6133: 'tx' is declared but its value is never read.
src/pages/CashBankTransactions.tsx(165,65): error TS2339: Property 'reference_number' does not exist on type 'CashTransaction'.
src/pages/ChartOfAccounts.tsx(1,8): error TS6133: 'React' is declared but its value is never read.
src/pages/ChartOfAccounts.tsx(2,1): error TS6192: All imports in import declaration are unused.
src/pages/ChartOfAccounts.tsx(4,37): error TS6196: 'NormalBalance' is declared but never used.
src/pages/CustomerDP.tsx(1,8): error TS6133: 'React' is declared but its value is never read.
src/pages/CustomerDP.tsx(3,1): error TS6133: 'cashBankService' is declared but its value is never read.
src/pages/CustomerDP.tsx(35,37): error TS2345: Argument of type '{ customer_id: string; project_id: string; transaction_date: string; amount: number; cash_bank_account_id: string; reference: string; notes: string; }' is not assignable to parameter of type 'Omit<CustomerDP, "id" | "created_at" | "status" | "journal_entry_id" | "unapplied_amount" | "receipt_number">'.
  Property 'date' is missing in type '{ customer_id: string; project_id: string; transaction_date: string; amount: number; cash_bank_account_id: string; reference: string; notes: string; }' but required in type 'Omit<CustomerDP, "id" | "created_at" | "status" | "journal_entry_id" | "unapplied_amount" | "receipt_number">'.
src/pages/CustomerDP.tsx(51,19): error TS2339: Property 'refundCustomerDP' does not exist on type '{ getCustomerInvoices(): CustomerInvoice[]; createCustomerInvoice(data: Omit<CustomerInvoice, "id" | "created_at" | "status" | "created_by" | "journal_entry_id" | "invoice_number" | "paid_amount" | "outstanding_amount" | "dp_applied">, createdBy: string): any; ... 19 more ...; reverseSupplierRefund(refundId: string,...'.
src/pages/CustomerDP.tsx(93,100): error TS2339: Property 'transaction_number' does not exist on type 'CustomerDP'.
src/pages/CustomerDP.tsx(94,88): error TS2339: Property 'transaction_date' does not exist on type 'CustomerDP'.
src/pages/CustomerInvoices.tsx(1,8): error TS6133: 'React' is declared but its value is never read.
src/pages/CustomerInvoices.tsx(3,41): error TS6196: 'CustomerDP' is declared but never used.
src/pages/CustomerInvoices.tsx(55,9): error TS2353: Object literal may only specify known properties, and 'lines' does not exist in type 'Omit<CustomerInvoice, "id" | "created_at" | "status" | "created_by" | "journal_entry_id" | "invoice_number" | "paid_amount" | "outstanding_amount" | "dp_applied">'.
src/pages/CustomerInvoices.tsx(204,34): error TS2339: Property 'lines' does not exist on type 'CustomerInvoice'.
src/pages/CustomerInvoices.tsx(253,61): error TS2339: Property 'transaction_number' does not exist on type 'CustomerDP'.
src/pages/CustomerPayments.tsx(1,8): error TS6133: 'React' is declared but its value is never read.
src/pages/CustomerPayments.tsx(3,32): error TS6196: 'CustomerInvoice' is declared but never used.
src/pages/CustomerPayments.tsx(3,49): error TS6196: 'CashBankAccount' is declared but never used.
src/pages/CustomerPayments.tsx(107,86): error TS2367: This comparison appears to be unintentional because the types '"Draft" | "Reversed" | "Posted"' and '"Fully Applied"' have no overlap.
src/pages/CustomerRefunds.tsx(1,8): error TS6133: 'React' is declared but its value is never read.
src/pages/Dashboard.tsx(3,1): error TS6192: All imports in import declaration are unused.
src/pages/Dashboard.tsx(84,13): error TS6133: 'inventoryReservations' is declared but its value is never read.
src/pages/Dashboard.tsx(92,19): error TS7006: Parameter 'm' implicitly has an 'any' type.
src/pages/Dashboard.tsx(93,20): error TS7006: Parameter 'total' implicitly has an 'any' type.
src/pages/Dashboard.tsx(93,27): error TS7006: Parameter 'm' implicitly has an 'any' type.
src/pages/Dashboard.tsx(105,21): error TS7006: Parameter 'item' implicitly has an 'any' type.
src/pages/Dashboard.tsx(116,46): error TS7006: Parameter 'sum' implicitly has an 'any' type.
src/pages/Dashboard.tsx(116,51): error TS7006: Parameter 'inv' implicitly has an 'any' type.
src/pages/Dashboard.tsx(123,27): error TS7006: Parameter 'so' implicitly has an 'any' type.
src/pages/Dashboard.tsx(158,40): error TS7006: Parameter 'p' implicitly has an 'any' type.
src/pages/Dashboard.tsx(165,46): error TS7006: Parameter 'o' implicitly has an 'any' type.
src/pages/Dashboard.tsx(191,64): error TS6133: 'r' is declared but its value is never read.
src/pages/Distribusi.tsx(4,70): error TS6196: 'InventoryReservation' is declared but never used.
src/pages/Distribusi.tsx(7,30): error TS6133: 'PackageSearch' is declared but its value is never read.
src/pages/Distribusi.tsx(14,10): error TS6133: 'projects' is declared but its value is never read.
src/pages/Distribusi.tsx(19,18): error TS6133: 'setSearch' is declared but its value is never read.
src/pages/Distribusi.tsx(46,19): error TS7006: Parameter 'i' implicitly has an 'any' type.
src/pages/Distribusi.tsx(218,105): error TS2322: Type '{ children: Element | null; isOpen: boolean; onClose: () => void; title: string; size: string; }' is not assignable to type 'IntrinsicAttributes & ModalProps'.
  Property 'size' does not exist on type 'IntrinsicAttributes & ModalProps'.
src/pages/FinanceOverview.tsx(1,8): error TS6133: 'React' is declared but its value is never read.
src/pages/FinanceOverview.tsx(32,111): error TS2339: Property 'balance' does not exist on type 'CashBankAccount'.
src/pages/FinanceOverview.tsx(33,111): error TS2339: Property 'balance' does not exist on type 'CashBankAccount'.
src/pages/GeneralLedger.tsx(1,8): error TS6133: 'React' is declared but its value is never read.
src/pages/GeneralLedger.tsx(2,29): error TS6133: 'CardHeader' is declared but its value is never read.
src/pages/GeneralLedger.tsx(2,41): error TS6133: 'CardTitle' is declared but its value is never read.
src/pages/GeneralLedger.tsx(41,20): error TS7006: Parameter 'a' implicitly has an 'any' type.
src/pages/GeneralLedger.tsx(41,23): error TS7006: Parameter 'b' implicitly has an 'any' type.
src/pages/Inventory.tsx(6,10): error TS6133: 'Search' is declared but its value is never read.
src/pages/Inventory.tsx(288,34): error TS2322: Type '"success" | "error"' is not assignable to type 'BadgeVariant | undefined'.
  Type '"error"' is not assignable to type 'BadgeVariant | undefined'.
src/pages/Inventory.tsx(321,28): error TS2322: Type '"success" | "warning" | "error"' is not assignable to type 'BadgeVariant | undefined'.
  Type '"error"' is not assignable to type 'BadgeVariant | undefined'.
src/pages/JournalRegister.tsx(1,8): error TS6133: 'React' is declared but its value is never read.
src/pages/JournalRegister.tsx(29,18): error TS7006: Parameter 'a' implicitly has an 'any' type.
src/pages/JournalRegister.tsx(79,137): error TS2339: Property 'is_reversed' does not exist on type 'JournalEntry'.
src/pages/OperasionalAyam.tsx(1,8): error TS6133: 'React' is declared but its value is never read.
src/pages/OperasionalAyam.tsx(5,30): error TS6196: 'DailyFeedRecord' is declared but never used.
src/pages/OperasionalAyam.tsx(5,47): error TS6196: 'DailyEggRecord' is declared but never used.
src/pages/OperasionalAyam.tsx(6,18): error TS6196: 'AuditLog' is declared but never used.
src/pages/OperasionalAyam.tsx(8,16): error TS6133: 'Check' is declared but its value is never read.
src/pages/OperasionalAyam.tsx(8,23): error TS6133: 'X' is declared but its value is never read.
src/pages/OperasionalAyam.tsx(8,26): error TS6133: 'Egg' is declared but its value is never read.
src/pages/OperasionalAyam.tsx(8,44): error TS6133: 'AlertTriangle' is declared but its value is never read.
src/pages/OperasionalAyam.tsx(8,59): error TS6133: 'FileText' is declared but its value is never read.
src/pages/OperasionalAyam.tsx(8,80): error TS6133: 'Clock' is declared but its value is never read.
src/pages/OperasionalAyam.tsx(8,87): error TS6133: 'Settings' is declared but its value is never read.
src/pages/OperasionalAyam.tsx(14,10): error TS6133: 'projects' is declared but its value is never read.
src/pages/OperasionalAyam.tsx(15,10): error TS6133: 'items' is declared but its value is never read.
src/pages/OperasionalAyam.tsx(18,10): error TS6133: 'isFlockModalOpen' is declared but its value is never read.
src/pages/OperasionalAyam.tsx(19,10): error TS6133: 'isRecordModalOpen' is declared but its value is never read.
src/pages/Products.tsx(374,149): error TS2322: Type '{ children: Element; isOpen: boolean; onClose: () => void; title: string; size: string; }' is not assignable to type 'IntrinsicAttributes & ModalProps'.
  Property 'size' does not exist on type 'IntrinsicAttributes & ModalProps'.
src/pages/ProduksiKandang.tsx(3,106): error TS6196: 'Product' is declared but never used.
src/pages/ProduksiKandang.tsx(65,78): error TS2339: Property 'type' does not exist on type 'InventoryMovement'.
src/pages/ProduksiKandang.tsx(66,98): error TS2339: Property 'type' does not exist on type 'InventoryMovement'.
src/pages/ProduksiKandang.tsx(204,35): error TS7006: Parameter 'i' implicitly has an 'any' type.
src/pages/ProjectDetail.tsx(55,40): error TS7006: Parameter 'i' implicitly has an 'any' type.
src/pages/ProjectDetail.tsx(55,79): error TS7006: Parameter 'sum' implicitly has an 'any' type.
src/pages/ProjectDetail.tsx(55,84): error TS7006: Parameter 'inv' implicitly has an 'any' type.
src/pages/Projects.tsx(25,26): error TS7006: Parameter 'p' implicitly has an 'any' type.
src/pages/Projects.tsx(28,26): error TS7006: Parameter 'p' implicitly has an 'any' type.
src/pages/Purchase.tsx(175,40): error TS7006: Parameter 'i' implicitly has an 'any' type.
src/pages/Purchase.tsx(244,15): error TS2561: Object literal may only specify known properties, but 'created_at' does not exist in type 'Omit<InventoryMovement, "id" | "created_at">'. Did you mean to write 'created_by'?
src/pages/Purchase.tsx(260,10): error TS1345: An expression of type 'void' cannot be tested for truthiness.
src/pages/Purchase.tsx(293,9): error TS2353: Object literal may only specify known properties, and 'reference_type' does not exist in type 'Omit<SupplierBill, "id" | "created_at" | "status" | "created_by" | "journal_entry_id" | "paid_amount" | "outstanding_amount" | "bill_number">'.
src/pages/Sales.tsx(5,27): error TS6196: 'PaymentStatus' is declared but never used.
src/pages/Sales.tsx(8,84): error TS6133: 'Activity' is declared but its value is never read.
src/pages/Sales.tsx(168,117): error TS2551: Property 'fulfilled_quantity' does not exist on type 'InventoryReservation'. Did you mean 'fulfilled_at'?
src/pages/Sales.tsx(180,40): error TS2551: Property 'fulfilled_quantity' does not exist on type 'InventoryReservation'. Did you mean 'fulfilled_at'?
src/pages/Sales.tsx(204,41): error TS2554: Expected 4 arguments, but got 2.
src/pages/Sales.tsx(235,9): error TS2353: Object literal may only specify known properties, and 'reference_type' does not exist in type 'Omit<CustomerInvoice, "id" | "created_at" | "status" | "created_by" | "journal_entry_id" | "invoice_number" | "paid_amount" | "outstanding_amount" | "dp_applied">'.
src/pages/Sales.tsx(249,17): error TS2339: Property 'item_id' does not exist on type 'Product'.
src/pages/Sales.tsx(250,31): error TS2339: Property 'item_id' does not exist on type 'Product'.
src/pages/Sales.tsx(250,87): error TS2339: Property 'item_id' does not exist on type 'Product'.
src/pages/Sales.tsx(262,37): error TS2551: Property 'fulfilled_quantity' does not exist on type 'InventoryReservation'. Did you mean 'fulfilled_at'?
src/pages/Sales.tsx(267,142): error TS2551: Property 'fulfilled_quantity' does not exist on type 'InventoryReservation'. Did you mean 'fulfilled_at'?
src/pages/Sales.tsx(351,138): error TS2322: Type '{ children: Element; isOpen: boolean; onClose: () => void; title: string; size: string; }' is not assignable to type 'IntrinsicAttributes & ModalProps'.
  Property 'size' does not exist on type 'IntrinsicAttributes & ModalProps'.
src/pages/Sales.tsx(435,136): error TS2322: Type '{ children: Element | null; isOpen: boolean; onClose: () => void; title: string; size: string; }' is not assignable to type 'IntrinsicAttributes & ModalProps'.
  Property 'size' does not exist on type 'IntrinsicAttributes & ModalProps'.
src/pages/Sales.tsx(670,122): error TS2322: Type '{ children: Element; isOpen: boolean; onClose: () => void; title: string; size: string; }' is not assignable to type 'IntrinsicAttributes & ModalProps'.
  Property 'size' does not exist on type 'IntrinsicAttributes & ModalProps'.
src/pages/SupplierPayments.tsx(1,8): error TS6133: 'React' is declared but its value is never read.
src/pages/SupplierPayments.tsx(107,86): error TS2367: This comparison appears to be unintentional because the types '"Draft" | "Reversed" | "Posted"' and '"Fully Applied"' have no overlap.
src/pages/SupplierRefunds.tsx(1,8): error TS6133: 'React' is declared but its value is never read.
src/services/accountingAutoJournal.ts(1,1): error TS6133: 'db' is declared but its value is never read.
src/services/accountingService.ts(14,8): error TS2339: Property 'clear' does not exist on type 'MockDB'.
src/services/accountingService.ts(42,98): error TS6133: 'updatedBy' is declared but its value is never read.
src/services/accountingService.ts(298,57): error TS6133: 'reason' is declared but its value is never read.
src/services/accountingService.ts(299,30): error TS2304: Cannot find name 'MockDB'.
src/services/accountingService.ts(303,20): error TS2339: Property 'is_reversed' does not exist on type 'JournalEntry'.
src/services/migrationBackfillService.ts(5,15): error TS2300: Duplicate identifier 'ReturnDelivery'.
src/services/migrationBackfillService.ts(5,31): error TS2300: Duplicate identifier 'ReturnDelivery'.
src/services/migrationBackfillService.ts(69,87): error TS2554: Expected 3 arguments, but got 5.
src/services/migrationBackfillService.ts(74,85): error TS2554: Expected 3 arguments, but got 5.
src/services/migrationBackfillService.ts(91,17): error TS1117: An object literal cannot have multiple properties with the same name.
src/services/migrationBackfillService.ts(98,17): error TS2353: Object literal may only specify known properties, and 'status' does not exist in type 'Omit<CustomerInvoice, "id" | "created_at" | "status" | "created_by" | "journal_entry_id" | "invoice_number" | "paid_amount" | "outstanding_amount" | "dp_applied">'.
src/services/production.ts(13,9): error TS6133: 'success' is declared but its value is never read.
src/services/production.ts(156,9): error TS6133: 'success' is declared but its value is never read.
src/services/profitDistributionService.ts(132,50): error TS6133: 'postedBy' is declared but its value is never read.
src/services/salesFulfillment.ts(1,10): error TS6133: 'db' is declared but its value is never read.
src/services/salesFulfillment.ts(6,49): error TS6196: 'Item' is declared but never used.
src/services/stockOpname.ts(2,28): error TS6196: 'Item' is declared but never used.
src/services/stockOpname.ts(32,30): error TS2552: Cannot find name 'StockOpnameItem'. Did you mean 'StockOpname'?
src/tests/setup.ts(1,12): error TS2304: Cannot find name 'global'.
src/tests/setup.ts(2,4): error TS2304: Cannot find name 'global'.
src/tests/test_sales_fulfillment.ts(15,1): error TS6133: 'costingService' is declared but its value is never read.
